#
# A fatal error has been detected by the Java Runtime Environment:
#
#  SIGILL (0x4) at pc=0x00000001298efd40, pid=53641, tid=0x0000000000002503
#
# JRE version: Java(TM) SE Runtime Environment (8.0_361) (build 1.8.0_361-b09)
# Java VM: Java HotSpot(TM) 64-Bit Server VM (25.361-b09 mixed mode bsd-amd64 compressed oops)
# Problematic frame:
# C  [librocksdbjni2821461664480912981.jnilib+0x49d40]  Java_org_rocksdb_WriteBatch_00024Handler_createNewHandler0+0xc80
#
# Failed to write core dump. Core dumps have been disabled. To enable core dumping, try "ulimit -c unlimited" before starting Java again
#
# If you would like to submit a bug report, please visit:
#   http://bugreport.java.com/bugreport/crash.jsp
# The crash happened outside the Java Virtual Machine in native code.
# See problematic frame for where to report the bug.
#

---------------  T H R E A D  ---------------

Current thread (0x00007fa700012000):  JavaThread "main" [_thread_in_native, id=9475, stack(0x0000000308d94000,0x0000000308e94000)]

siginfo: si_signo: 4 (SIGILL), si_code: 1 (ILL_ILLOPC), si_addr: 0x00000001298efd40

Registers:
RAX=0x000000010aa9e060, RBX=0x0000000308e90b70, RCX=0x0000000308d0cf98, RDX=0x0000000308d0ceb8
RSP=0x0000000308e90b68, RBP=0x0000000308e90c00, RSI=0x0000000308d0ce58, RDI=0x000000000000000b
R8 =0x00007ff84e8754f0, R9 =0x0000000000000000, R10=0x0000000000000138, R11=0x0000000202748890
R12=0x0000000308e91050, R13=0x00000001298a6420, R14=0x00000001298efd40, R15=0x000000010aa9e060
RIP=0x00000001298efd40, EFLAGS=0x0000000000000206, ERR=0x0000000000000000
  TRAPNO=0x0000000000000006

Top of Stack: (sp=0x0000000308e90b68)
0x0000000308e90b68:   0000000202721e4f 00007ff81f070000
0x0000000308e90b78:   00000001298a6000 0000000000000000
0x0000000308e90b88:   00000001298efd40 0000000000000000
0x0000000308e90b98:   0000000000000000 0000000000000000
0x0000000308e90ba8:   0000000000000000 0000000000000000
0x0000000308e90bb8:   0000000000000000 0000000000000000
0x0000000308e90bc8:   0000000000000000 0000000000000000
0x0000000308e90bd8:   0000000000000000 000000012a0277f0
0x0000000308e90be8:   000000012a027dd8 0000000308e90d17
0x0000000308e90bf8:   0000000308e90e98 0000000308e90c30
0x0000000308e90c08:   0000000202748911 0000000308e90d17
0x0000000308e90c18:   00000001298a63d0 0000000308e90d50
0x0000000308e90c28:   00000001298a62e8 0000000308e90cf0
0x0000000308e90c38:   000000020273fe26 0000000000780000
0x0000000308e90c48:   0000000000024000 0000000000780000
0x0000000308e90c58:   0000000000024000 0000000000022828
0x0000000308e90c68:   00000001298a62f0 00000003000002e8
0x0000000308e90c78:   0000000000040012 00000000007817f0
0x0000000308e90c88:   00000000000005e8 00000001298a6380
0x0000000308e90c98:   00000009007817f0 0000000000000003
0x0000000308e90ca8:   0000000200000000 00000001298a6890
0x0000000308e90cb8:   0000000308e90d78 0000000308e90d17
0x0000000308e90cc8:   0000000000000001 0000000308e90d50
0x0000000308e90cd8:   00000001298a6420 00000001298a6020
0x0000000308e90ce8:   00000001298a6000 0000000308e90d40
0x0000000308e90cf8:   000000020270edb3 00000001298a6890
0x0000000308e90d08:   0000000308e90db8 0000000042000000
0x0000000308e90d18:   00000001298a6000 0000000308e90d98
0x0000000308e90d28:   0000000000000000 0000000308e90db8
0x0000000308e90d38:   0000000308e90e18 0000000308e90e00
0x0000000308e90d48:   000000020273fbb7 000000020278d3a0
0x0000000308e90d58:   0000000042000000 000000020273fbf9 

Instructions: (pc=0x00000001298efd40)
0x00000001298efd20:   8d 55 e0 ff 90 e0 00 00 00 48 89 d8 48 83 c4 18
0x00000001298efd30:   5b 5d c3 66 66 66 66 2e 0f 1f 84 00 00 00 00 00
0x00000001298efd40:   c5 f8 57 c0 c5 f8 11 05 04 cf 75 00 48 c7 05 09
0x00000001298efd50:   cf 75 00 00 00 00 00 48 8d 35 f2 ce 75 00 48 8d 

Register to memory mapping:

RAX=0x000000010aa9e060 is an unknown value
RBX=0x0000000308e90b70 is pointing into the stack for thread: 0x00007fa700012000
RCX=0x0000000308d0cf98 is an unknown value
RDX=0x0000000308d0ceb8 is an unknown value
RSP=0x0000000308e90b68 is pointing into the stack for thread: 0x00007fa700012000
RBP=0x0000000308e90c00 is pointing into the stack for thread: 0x00007fa700012000
RSI=0x0000000308d0ce58 is an unknown value
RDI=0x000000000000000b is an unknown value
R8 =0x00007ff84e8754f0: _ZN5dyld45gDyldE+0x10 in /usr/lib/system/libdyld.dylib at 0x00007ff80d12f000
R9 =0x0000000000000000 is an unknown value
R10=0x0000000000000138 is an unknown value
R11=0x0000000202748890 is an unknown value
R12=0x0000000308e91050 is pointing into the stack for thread: 0x00007fa700012000
R13=0x00000001298a6420: <offset 0x420> in /private/var/folders/gv/508gv1ld3x18nm2512plcyk00000gp/T/librocksdbjni2821461664480912981.jnilib at 0x00000001298a6000
R14=0x00000001298efd40: Java_org_rocksdb_WriteBatch_00024Handler_createNewHandler0+0xc80 in /private/var/folders/gv/508gv1ld3x18nm2512plcyk00000gp/T/librocksdbjni2821461664480912981.jnilib at 0x00000001298a6000
R15=0x000000010aa9e060 is an unknown value


Stack: [0x0000000308d94000,0x0000000308e94000],  sp=0x0000000308e90b68,  free space=1010k
Native frames: (J=compiled Java code, j=interpreted, Vv=VM code, C=native code)
C  [librocksdbjni2821461664480912981.jnilib+0x49d40]  Java_org_rocksdb_WriteBatch_00024Handler_createNewHandler0+0xc80
C  0x0000000202748911
C  0x000000020273fe26
C  0x000000020270edb3
C  0x000000020273fbb7
C  0x0000000202748342
C  0x00000002027485b4
C  0x0000000202721d82
C  0x0000000202721f0e
C  0x0000000202721fb2
C  0x0000000202730e00
V  [libjvm.dylib+0x4904ec]
V  [libjvm.dylib+0x3488af]
C  [libjava.dylib+0x173e]  Java_java_lang_ClassLoader_00024NativeLibrary_load+0x75
j  java.lang.ClassLoader$NativeLibrary.load(Ljava/lang/String;ZZ)V+0
j  java.lang.ClassLoader.loadLibrary0(Ljava/lang/Class;Ljava/io/File;)Z+337
j  java.lang.ClassLoader.loadLibrary(Ljava/lang/Class;Ljava/lang/String;Z)V+48
j  java.lang.Runtime.load0(Ljava/lang/Class;Ljava/lang/String;)V+57
j  java.lang.System.load(Ljava/lang/String;)V+7
j  org.rocksdb.NativeLibraryLoader.loadLibraryFromJar(Ljava/lang/String;)V+14
j  org.rocksdb.NativeLibraryLoader.loadLibrary(Ljava/lang/String;)V+32
j  org.rocksdb.RocksDB.loadLibrary()V+84
j  org.rocksdb.RocksDB.<clinit>()V+41
v  ~StubRoutines::call_stub
V  [libjvm.dylib+0x2d858b]
V  [libjvm.dylib+0x2a0b65]
V  [libjvm.dylib+0x29f8ef]
V  [libjvm.dylib+0x29f46c]
V  [libjvm.dylib+0x3d2203]
V  [libjvm.dylib+0x3d55eb]
V  [libjvm.dylib+0x3d5311]
V  [libjvm.dylib+0x2d1856]
j  org.apache.rocketmq.common.config.AbstractRocksDBStorage.<clinit>()V+8
v  ~StubRoutines::call_stub
V  [libjvm.dylib+0x2d858b]
V  [libjvm.dylib+0x2a0b65]
V  [libjvm.dylib+0x29f8ef]
V  [libjvm.dylib+0x29f46c]
V  [libjvm.dylib+0x29f650]
V  [libjvm.dylib+0x29f46c]
V  [libjvm.dylib+0x2cfc0c]
j  org.apache.rocketmq.common.config.RocksDBConfigManager.load(Ljava/lang/String;Ljava/util/function/BiConsumer;)Z+6
j  org.apache.rocketmq.broker.topic.RocksDBTopicConfigManager.load()Z+14
j  org.apache.rocketmq.broker.BrokerController.initializeMetadata()Z+4
j  org.apache.rocketmq.broker.BrokerController.initialize()Z+1
j  org.apache.rocketmq.broker.BrokerStartup.createBrokerController([Ljava/lang/String;)Lorg/apache/rocketmq/broker/BrokerController;+6
j  org.apache.rocketmq.broker.BrokerStartup.main([Ljava/lang/String;)V+1
v  ~StubRoutines::call_stub
V  [libjvm.dylib+0x2d858b]
V  [libjvm.dylib+0x308dc2]
V  [libjvm.dylib+0x30c42d]
C  [java+0x381f]  JavaMain+0x982
C  [libsystem_pthread.dylib+0x64e1]  _pthread_start+0x7d
C  [libsystem_pthread.dylib+0x1f6b]  thread_start+0xf
C  0x0000000000000000

Java frames: (J=compiled Java code, j=interpreted, Vv=VM code)
j  java.lang.ClassLoader$NativeLibrary.load(Ljava/lang/String;ZZ)V+0
j  java.lang.ClassLoader.loadLibrary0(Ljava/lang/Class;Ljava/io/File;)Z+337
j  java.lang.ClassLoader.loadLibrary(Ljava/lang/Class;Ljava/lang/String;Z)V+48
j  java.lang.Runtime.load0(Ljava/lang/Class;Ljava/lang/String;)V+57
j  java.lang.System.load(Ljava/lang/String;)V+7
j  org.rocksdb.NativeLibraryLoader.loadLibraryFromJar(Ljava/lang/String;)V+14
j  org.rocksdb.NativeLibraryLoader.loadLibrary(Ljava/lang/String;)V+32
j  org.rocksdb.RocksDB.loadLibrary()V+84
j  org.rocksdb.RocksDB.<clinit>()V+41
v  ~StubRoutines::call_stub
j  org.apache.rocketmq.common.config.AbstractRocksDBStorage.<clinit>()V+8
v  ~StubRoutines::call_stub
j  org.apache.rocketmq.common.config.RocksDBConfigManager.load(Ljava/lang/String;Ljava/util/function/BiConsumer;)Z+6
j  org.apache.rocketmq.broker.topic.RocksDBTopicConfigManager.load()Z+14
j  org.apache.rocketmq.broker.BrokerController.initializeMetadata()Z+4
j  org.apache.rocketmq.broker.BrokerController.initialize()Z+1
j  org.apache.rocketmq.broker.BrokerStartup.createBrokerController([Ljava/lang/String;)Lorg/apache/rocketmq/broker/BrokerController;+6
j  org.apache.rocketmq.broker.BrokerStartup.main([Ljava/lang/String;)V+1
v  ~StubRoutines::call_stub

---------------  P R O C E S S  ---------------

Java Threads: ( => current thread )
  0x00007fa700139000 JavaThread "DefaultConsumerIdsChangeListener_1" daemon [_thread_blocked, id=87195, stack(0x000000030bb28000,0x000000030bc28000)]
  0x00007fa6ff80d000 JavaThread "CommercialStatsThread1" daemon [_thread_blocked, id=43711, stack(0x000000030ba25000,0x000000030bb25000)]
  0x00007fa6ce8e9000 JavaThread "BrokerStatsThread1" daemon [_thread_blocked, id=32015, stack(0x000000030b922000,0x000000030ba22000)]
  0x00007fa6fd974000 JavaThread "ThreadUtils-StatisticsManagerCleaner_1" daemon [_thread_blocked, id=33367, stack(0x000000030b81f000,0x000000030b91f000)]
  0x00007fa6fd96a000 JavaThread "AsyncAppender-Worker-RocketmqBrokerMetricsSiftingAppender" daemon [_thread_blocked, id=33827, stack(0x000000030b71c000,0x000000030b81c000)]
  0x00007fa70012c000 JavaThread "AsyncAppender-Worker-RocketmqPopSiftingAppender" daemon [_thread_blocked, id=28931, stack(0x000000030b619000,0x000000030b719000)]
  0x00007fa6ff244800 JavaThread "AsyncAppender-Worker-RocketmqCommercialSiftingAppender" daemon [_thread_blocked, id=28675, stack(0x000000030b516000,0x000000030b616000)]
  0x00007fa6ff244000 JavaThread "AsyncAppender-Worker-RocketmqStatsSiftingAppender" daemon [_thread_blocked, id=28419, stack(0x000000030b413000,0x000000030b513000)]
  0x00007fa6ff243000 JavaThread "AsyncAppender-Worker-RocketmqRebalanceLockSiftingAppender" daemon [_thread_blocked, id=28163, stack(0x000000030b310000,0x000000030b410000)]
  0x00007fa6fe179800 JavaThread "AsyncAppender-Worker-RocketmqRebalanceLockSiftingAppender" daemon [_thread_blocked, id=35371, stack(0x000000030b20d000,0x000000030b30d000)]
  0x00007fa6ff242800 JavaThread "AsyncAppender-Worker-RocketmqTransactionSiftingAppender" daemon [_thread_blocked, id=35843, stack(0x000000030b10a000,0x000000030b20a000)]
  0x00007fa6ff241800 JavaThread "AsyncAppender-Worker-RocketmqStoreErrorSiftingAppender" daemon [_thread_blocked, id=27395, stack(0x000000030b007000,0x000000030b107000)]
  0x00007fa6ff241000 JavaThread "AsyncAppender-Worker-RocketmqRemotingSiftingAppender" daemon [_thread_blocked, id=26883, stack(0x000000030af04000,0x000000030b004000)]
  0x00007fa6ff240000 JavaThread "AsyncAppender-Worker-RocketmqTrafficSiftingAppender" daemon [_thread_blocked, id=36363, stack(0x000000030ae01000,0x000000030af01000)]
  0x00007fa6fd969000 JavaThread "AsyncAppender-Worker-RocketmqTieredStoreSiftingAppender" daemon [_thread_blocked, id=26635, stack(0x000000030acfe000,0x000000030adfe000)]
  0x00007fa6fd964000 JavaThread "AsyncAppender-Worker-RocketmqStoreSiftingAppender" daemon [_thread_blocked, id=26115, stack(0x000000030abfb000,0x000000030acfb000)]
  0x00007fa6fe17d000 JavaThread "AsyncAppender-Worker-RocketmqRocksDBSiftingAppender" daemon [_thread_blocked, id=37127, stack(0x000000030aaf8000,0x000000030abf8000)]
  0x00007fa6fe0da800 JavaThread "AsyncAppender-Worker-RocketmqWaterMarkSiftingAppender" daemon [_thread_blocked, id=37379, stack(0x000000030a9f5000,0x000000030aaf5000)]
  0x00007fa700128000 JavaThread "AsyncAppender-Worker-RocketmqProtectionSiftingAppender" daemon [_thread_blocked, id=37895, stack(0x000000030a8f2000,0x000000030a9f2000)]
  0x00007fa700111800 JavaThread "AsyncAppender-Worker-RocketmqBrokerSiftingAppender" daemon [_thread_blocked, id=38403, stack(0x000000030a7ef000,0x000000030a8ef000)]
  0x00007fa6ff235800 JavaThread "AsyncAppender-Worker-DefaultSiftingAppender" daemon [_thread_blocked, id=39011, stack(0x000000030a6ec000,0x000000030a7ec000)]
  0x00007fa6ff22b800 JavaThread "logback-1" daemon [_thread_blocked, id=39695, stack(0x000000030a5e9000,0x000000030a6e9000)]
  0x00007fa6fe02e000 JavaThread "Service Thread" daemon [_thread_blocked, id=24327, stack(0x000000030a3e3000,0x000000030a4e3000)]
  0x00007fa6fd839800 JavaThread "C1 CompilerThread3" daemon [_thread_blocked, id=41219, stack(0x000000030a2e0000,0x000000030a3e0000)]
  0x00007fa6fe011800 JavaThread "C2 CompilerThread2" daemon [_thread_blocked, id=23811, stack(0x000000030a1dd000,0x000000030a2dd000)]
  0x00007fa6cd814000 JavaThread "C2 CompilerThread1" daemon [_thread_blocked, id=41987, stack(0x000000030a0da000,0x000000030a1da000)]
  0x00007fa6ee038800 JavaThread "C2 CompilerThread0" daemon [_thread_blocked, id=23311, stack(0x0000000309fd7000,0x000000030a0d7000)]
  0x00007fa6ee03c800 JavaThread "JDWP Command Reader" daemon [_thread_in_native, id=42755, stack(0x0000000309ed4000,0x0000000309fd4000)]
  0x00007fa6ee03b800 JavaThread "JDWP Event Helper Thread" daemon [_thread_blocked, id=22275, stack(0x0000000309dd1000,0x0000000309ed1000)]
  0x00007fa700010000 JavaThread "JDWP Transport Listener: dt_socket" daemon [_thread_blocked, id=43023, stack(0x0000000309cce000,0x0000000309dce000)]
  0x00007fa6cd80c800 JavaThread "Signal Dispatcher" daemon [_thread_blocked, id=21867, stack(0x0000000309bcb000,0x0000000309ccb000)]
  0x00007fa6fe00f000 JavaThread "Finalizer" daemon [_thread_blocked, id=14107, stack(0x00000003099b8000,0x0000000309ab8000)]
  0x00007fa6fe00e800 JavaThread "Reference Handler" daemon [_thread_blocked, id=13859, stack(0x00000003098b5000,0x00000003099b5000)]
=>0x00007fa700012000 JavaThread "main" [_thread_in_native, id=9475, stack(0x0000000308d94000,0x0000000308e94000)]

Other Threads:
  0x00007fa6ee037000 VMThread [stack: 0x00000003097b2000,0x00000003098b2000] [id=18691]
  0x00007fa6fd842800 WatcherThread [stack: 0x000000030a4e6000,0x000000030a5e6000] [id=39967]

VM state:not at safepoint (normal execution)

VM Mutex/Monitor currently owned by a thread: None

heap address: 0x00000006c0000000, size: 4096 MB, Compressed Oops mode: Zero based, Oop shift amount: 3
Narrow klass base: 0x0000000000000000, Narrow klass shift: 3
Compressed class space size: 1073741824 Address: 0x00000007c0000000

Heap:
 PSYoungGen      total 76288K, used 43233K [0x000000076ab00000, 0x0000000774000000, 0x00000007c0000000)
  eden space 65536K, 58% used [0x000000076ab00000,0x000000076d031240,0x000000076eb00000)
  from space 10752K, 47% used [0x000000076eb00000,0x000000076f0072c0,0x000000076f580000)
  to   space 10752K, 0% used [0x0000000773580000,0x0000000773580000,0x0000000774000000)
 ParOldGen       total 175104K, used 8K [0x00000006c0000000, 0x00000006cab00000, 0x000000076ab00000)
  object space 175104K, 0% used [0x00000006c0000000,0x00000006c0002000,0x00000006cab00000)
 Metaspace       used 16519K, capacity 16870K, committed 17152K, reserved 1064960K
  class space    used 1855K, capacity 2007K, committed 2048K, reserved 1048576K

Card table byte_map: [0x000000011c7a6000,0x000000011cfa7000] byte_map_base: 0x00000001191a6000

Marking Bits: (ParMarkBitMap*) 0x000000010c0e2448
 Begin Bits: [0x000000011cfa7000, 0x0000000120fa7000)
 End Bits:   [0x0000000120fa7000, 0x0000000124fa7000)

Polling page: 0x000000010abf5000

CodeCache: size=245760Kb used=4973Kb max_used=4984Kb free=240786Kb
 bounds [0x000000010d7a6000, 0x000000010dc86000, 0x000000011c7a6000]
 total_blobs=1881 nmethods=1398 adapters=405
 compilation: enabled

Compilation events (10 events):
Event: 4.251 Thread 0x00007fa6fd839800 1393       3       sun.nio.ch.IOUtil::writeFromNativeBuffer (137 bytes)
Event: 4.251 Thread 0x00007fa6fd839800 nmethod 1393 0x000000010dc81750 code [0x000000010dc81940, 0x000000010dc82348]
Event: 4.251 Thread 0x00007fa6fd839800 1394       3       sun.nio.ch.FileDispatcherImpl::write (8 bytes)
Event: 4.251 Thread 0x00007fa6fd839800 nmethod 1394 0x000000010dc82650 code [0x000000010dc827c0, 0x000000010dc82948]
Event: 4.259 Thread 0x00007fa6cd814000 1396       4       java.nio.Buffer::position (38 bytes)
Event: 4.260 Thread 0x00007fa6cd814000 nmethod 1396 0x000000010dc856d0 code [0x000000010dc85820, 0x000000010dc858f8]
Event: 4.277 Thread 0x00007fa6ee038800 1397       4       java.util.zip.Inflater::ensureOpen (47 bytes)
Event: 4.278 Thread 0x00007fa6ee038800 nmethod 1397 0x000000010dc859d0 code [0x000000010dc85b20, 0x000000010dc85bf8]
Event: 4.283 Thread 0x00007fa6fd839800 1398       1       java.nio.DirectByteBuffer::address (5 bytes)
Event: 4.283 Thread 0x00007fa6fd839800 nmethod 1398 0x000000010dc85410 code [0x000000010dc85560, 0x000000010dc85670]

GC Heap History (2 events):
Event: 1.198 GC heap before
{Heap before GC invocations=1 (full 0):
 PSYoungGen      total 76288K, used 65536K [0x000000076ab00000, 0x0000000770000000, 0x00000007c0000000)
  eden space 65536K, 100% used [0x000000076ab00000,0x000000076eb00000,0x000000076eb00000)
  from space 10752K, 0% used [0x000000076f580000,0x000000076f580000,0x0000000770000000)
  to   space 10752K, 0% used [0x000000076eb00000,0x000000076eb00000,0x000000076f580000)
 ParOldGen       total 175104K, used 0K [0x00000006c0000000, 0x00000006cab00000, 0x000000076ab00000)
  object space 175104K, 0% used [0x00000006c0000000,0x00000006c0000000,0x00000006cab00000)
 Metaspace       used 11609K, capacity 11952K, committed 12288K, reserved 1060864K
  class space    used 1330K, capacity 1456K, committed 1536K, reserved 1048576K
Event: 1.217 GC heap after
Heap after GC invocations=1 (full 0):
 PSYoungGen      total 76288K, used 5148K [0x000000076ab00000, 0x0000000774000000, 0x00000007c0000000)
  eden space 65536K, 0% used [0x000000076ab00000,0x000000076ab00000,0x000000076eb00000)
  from space 10752K, 47% used [0x000000076eb00000,0x000000076f0072c0,0x000000076f580000)
  to   space 10752K, 0% used [0x0000000773580000,0x0000000773580000,0x0000000774000000)
 ParOldGen       total 175104K, used 8K [0x00000006c0000000, 0x00000006cab00000, 0x000000076ab00000)
  object space 175104K, 0% used [0x00000006c0000000,0x00000006c0002000,0x00000006cab00000)
 Metaspace       used 11609K, capacity 11952K, committed 12288K, reserved 1060864K
  class space    used 1330K, capacity 1456K, committed 1536K, reserved 1048576K
}

Deoptimization events (6 events):
Event: 0.183 Thread 0x00007fa700012000 Uncommon trap: reason=unstable_if action=reinterpret pc=0x000000010d8b81cc method=java.lang.String.hashCode()I @ 14
Event: 0.808 Thread 0x00007fa700012000 Uncommon trap: reason=unstable_if action=reinterpret pc=0x000000010daab928 method=java.util.HashMap.getNode(ILjava/lang/Object;)Ljava/util/HashMap$Node; @ 62
Event: 1.031 Thread 0x00007fa700012000 Uncommon trap: reason=predicate action=maybe_recompile pc=0x000000010db2af18 method=java.lang.String.regionMatches(ZILjava/lang/String;II)Z @ 63
Event: 1.180 Thread 0x00007fa700111800 Uncommon trap: reason=unstable_if action=reinterpret pc=0x000000010d929534 method=java.io.UnixFileSystem.normalize(Ljava/lang/String;)Ljava/lang/String; @ 34
Event: 1.229 Thread 0x00007fa700012000 Uncommon trap: reason=unstable_if action=reinterpret pc=0x000000010d975888 method=sun.misc.MetaIndex.mayContain(Ljava/lang/String;)Z @ 38
Event: 4.202 Thread 0x00007fa700012000 Uncommon trap: reason=unstable_if action=reinterpret pc=0x000000010d928e64 method=java.lang.String.indexOf([CII[CIII)I @ 3

Classes redefined (0 events):
No events

Internal exceptions (9 events):
Event: 0.046 Thread 0x00007fa700012000 Exception <a 'java/lang/NoSuchMethodError': Method sun.misc.Unsafe.defineClass(Ljava/lang/String;[BII)Ljava/lang/Class; name or signature does not match> (0x000000076ab07ce0) thrown at [/System/Volumes/Data/jenkins/workspace/8-2-build-macosx-x64/jdk8u361/
Event: 0.046 Thread 0x00007fa700012000 Exception <a 'java/lang/NoSuchMethodError': Method sun.misc.Unsafe.prefetchRead(Ljava/lang/Object;J)V name or signature does not match> (0x000000076ab07fc8) thrown at [/System/Volumes/Data/jenkins/workspace/8-2-build-macosx-x64/jdk8u361/3183/hotspot/src/s
Event: 0.311 Thread 0x00007fa700012000 Exception <a 'java/security/PrivilegedActionException'> (0x000000076b1f9920) thrown at [/System/Volumes/Data/jenkins/workspace/8-2-build-macosx-x64/jdk8u361/3183/hotspot/src/share/vm/prims/jvm.cpp, line 1513]
Event: 0.311 Thread 0x00007fa700012000 Exception <a 'java/security/PrivilegedActionException'> (0x000000076b1f9b30) thrown at [/System/Volumes/Data/jenkins/workspace/8-2-build-macosx-x64/jdk8u361/3183/hotspot/src/share/vm/prims/jvm.cpp, line 1513]
Event: 0.439 Thread 0x00007fa700012000 Exception <a 'java/io/FileNotFoundException'> (0x000000076b837650) thrown at [/System/Volumes/Data/jenkins/workspace/8-2-build-macosx-x64/jdk8u361/3183/hotspot/src/share/vm/prims/jni.cpp, line 710]
Event: 0.602 Thread 0x00007fa700012000 Exception <a 'java/lang/NoSuchFieldError': method resolution failed> (0x000000076c09b880) thrown at [/System/Volumes/Data/jenkins/workspace/8-2-build-macosx-x64/jdk8u361/3183/hotspot/src/share/vm/prims/methodHandles.cpp, line 1188]
Event: 0.609 Thread 0x00007fa700012000 Exception <a 'java/lang/NoSuchFieldError': method resolution failed> (0x000000076c0aa0b0) thrown at [/System/Volumes/Data/jenkins/workspace/8-2-build-macosx-x64/jdk8u361/3183/hotspot/src/share/vm/prims/methodHandles.cpp, line 1188]
Event: 0.746 Thread 0x00007fa700012000 Exception <a 'java/lang/NoSuchMethodError': java.lang.Object.lambda$deepFindNestedSubModelsOfType$0(Ljava/lang/Class;Ljava/util/List;Lorg/apache/rocketmq/logging/ch/qos/logback/core/model/Model;)V> (0x000000076c629e30) thrown at [/System/Volumes/Data/jenk
Event: 0.750 Thread 0x00007fa700012000 Exception <a 'java/lang/NoSuchMethodError': java.lang.Object.lambda$deepFindNestedSubModelsOfType$1(Ljava/util/List;Lorg/apache/rocketmq/logging/ch/qos/logback/core/model/Model;Lorg/apache/rocketmq/logging/ch/qos/logback/core/model/Model;)V> (0x000000076c

Events (10 events):
Event: 4.208 loading class java/nio/file/CopyOption
Event: 4.208 loading class java/nio/file/CopyOption done
Event: 4.208 loading class java/nio/file/StandardCopyOption
Event: 4.208 loading class java/nio/file/StandardCopyOption done
Event: 4.209 loading class java/nio/file/StandardOpenOption
Event: 4.209 loading class java/nio/file/StandardOpenOption done
Event: 4.210 loading class sun/nio/fs/UnixChannelFactory$1
Event: 4.210 loading class sun/nio/fs/UnixChannelFactory$1 done
Event: 4.210 loading class java/nio/channels/Channels$1
Event: 4.210 loading class java/nio/channels/Channels$1 done


Dynamic libraries:
0x00007ff824444000 	/System/Library/Frameworks/Cocoa.framework/Versions/A/Cocoa
0x00007ff80fb1f000 	/System/Library/Frameworks/AppKit.framework/Versions/C/AppKit
0x00007ff813094000 	/System/Library/Frameworks/CoreData.framework/Versions/A/CoreData
0x00007ff80df22000 	/System/Library/Frameworks/Foundation.framework/Versions/C/Foundation
0x00007ff818317000 	/usr/lib/libSystem.B.dylib
0x00007ff8109af000 	/System/Library/PrivateFrameworks/UIFoundation.framework/Versions/A/UIFoundation
0x00007ff81e346000 	/System/Library/PrivateFrameworks/RemoteViewServices.framework/Versions/A/RemoteViewServices
0x00007ff8165e3000 	/System/Library/PrivateFrameworks/XCTTargetBootstrap.framework/Versions/A/XCTTargetBootstrap
0x00007ff81a1dc000 	/System/Library/PrivateFrameworks/InternationalSupport.framework/Versions/A/InternationalSupport
0x00007ff81a266000 	/System/Library/PrivateFrameworks/UserActivity.framework/Versions/A/UserActivity
0x00007ff8195c0000 	/usr/lib/libspindump.dylib
0x00007ff810c3e000 	/System/Library/Frameworks/UniformTypeIdentifiers.framework/Versions/A/UniformTypeIdentifiers
0x00007ff814d07000 	/usr/lib/libapp_launch_measurement.dylib
0x00007ff813a77000 	/System/Library/PrivateFrameworks/CoreAnalytics.framework/Versions/A/CoreAnalytics
0x00007ff814d0a000 	/System/Library/PrivateFrameworks/CoreAutoLayout.framework/Versions/A/CoreAutoLayout
0x00007ff815f3a000 	/System/Library/Frameworks/Metal.framework/Versions/A/Metal
0x00007ff816c69000 	/usr/lib/liblangid.dylib
0x00007ff8165e8000 	/System/Library/PrivateFrameworks/CoreSVG.framework/Versions/A/CoreSVG
0x00007ff81202a000 	/System/Library/PrivateFrameworks/SkyLight.framework/Versions/A/SkyLight
0x00007ff8123c9000 	/System/Library/Frameworks/CoreGraphics.framework/Versions/A/CoreGraphics
0x00007ff81ea06000 	/System/Library/Frameworks/Accelerate.framework/Versions/A/Accelerate
0x00007ff81903f000 	/System/Library/PrivateFrameworks/IconServices.framework/Versions/A/IconServices
0x00007ff815f1f000 	/System/Library/Frameworks/IOSurface.framework/Versions/A/IOSurface
0x00007ff813aa5000 	/usr/lib/libDiagnosticMessagesClient.dylib
0x00007ff818231000 	/usr/lib/libz.1.dylib
0x00007ff8220e8000 	/System/Library/Frameworks/ApplicationServices.framework/Versions/A/ApplicationServices
0x00007ff8165cf000 	/System/Library/PrivateFrameworks/DFRFoundation.framework/Versions/A/DFRFoundation
0x00007ff80f407000 	/usr/lib/libicucore.A.dylib
0x00007ff81afd2000 	/System/Library/Frameworks/AudioToolbox.framework/Versions/A/AudioToolbox
0x00007ff81a1e8000 	/System/Library/PrivateFrameworks/DataDetectorsCore.framework/Versions/A/DataDetectorsCore
0x00007ff916449000 	/System/Library/PrivateFrameworks/TextInput.framework/Versions/A/TextInput
0x00007ff811fad000 	/usr/lib/libMobileGestalt.dylib
0x00007ff8162db000 	/System/Library/Frameworks/Carbon.framework/Versions/A/Frameworks/HIToolbox.framework/Versions/A/HIToolbox
0x00007ff81470a000 	/System/Library/Frameworks/QuartzCore.framework/Versions/A/QuartzCore
0x00007ff80f0ac000 	/System/Library/Frameworks/Security.framework/Versions/A/Security
0x00007ff81e37e000 	/System/Library/Frameworks/Carbon.framework/Versions/A/Frameworks/SpeechRecognition.framework/Versions/A/SpeechRecognition
0x00007ff814a67000 	/System/Library/PrivateFrameworks/CoreUI.framework/Versions/A/CoreUI
0x00007ff80e976000 	/System/Library/Frameworks/CoreAudio.framework/Versions/A/CoreAudio
0x00007ff813b94000 	/System/Library/Frameworks/DiskArbitration.framework/Versions/A/DiskArbitration
0x00007ff8199ac000 	/System/Library/PrivateFrameworks/MultitouchSupport.framework/Versions/A/MultitouchSupport
0x00007ff811fac000 	/usr/lib/libenergytrace.dylib
0x00007ff80fa0b000 	/System/Library/Frameworks/IOKit.framework/Versions/A/IOKit
0x00007ff81e76e000 	/System/Library/Frameworks/CoreServices.framework/Versions/A/CoreServices
0x00007ff814ca1000 	/System/Library/PrivateFrameworks/PerformanceAnalysis.framework/Versions/A/PerformanceAnalysis
0x00007ffa25f25000 	/System/Library/Frameworks/OpenGL.framework/Versions/A/OpenGL
0x00007ff81784d000 	/System/Library/PrivateFrameworks/MobileKeyBag.framework/Versions/A/MobileKeyBag
0x00007ff80cfb6000 	/usr/lib/libobjc.A.dylib
0x00007ff812af3000 	/System/Library/Frameworks/ColorSync.framework/Versions/A/ColorSync
0x00007ff80d170000 	/System/Library/Frameworks/CoreFoundation.framework/Versions/A/CoreFoundation
0x00007ff81685f000 	/System/Library/Frameworks/CoreImage.framework/Versions/A/CoreImage
0x00007ff80e78a000 	/System/Library/Frameworks/CoreText.framework/Versions/A/CoreText
0x00007ff816618000 	/System/Library/Frameworks/ImageIO.framework/Versions/A/ImageIO
0x00007ff81831d000 	/System/Library/PrivateFrameworks/SoftLinking.framework/Versions/A/SoftLinking
0x00007ff814d52000 	/usr/lib/libxml2.2.dylib
0x00007ff80d07c000 	/usr/lib/libc++.1.dylib
0x00007ff81859e000 	/usr/lib/libcompression.dylib
0x00007ff81a10f000 	/System/Library/PrivateFrameworks/TextureIO.framework/Versions/A/TextureIO
0x00007ff818cb8000 	/usr/lib/libate.dylib
0x00007ff818312000 	/usr/lib/system/libcache.dylib
0x00007ff8182ce000 	/usr/lib/system/libcommonCrypto.dylib
0x00007ff8182f7000 	/usr/lib/system/libcompiler_rt.dylib
0x00007ff8182ed000 	/usr/lib/system/libcopyfile.dylib
0x00007ff80ceb1000 	/usr/lib/system/libcorecrypto.dylib
0x00007ff80cf6f000 	/usr/lib/system/libdispatch.dylib
0x00007ff80d12f000 	/usr/lib/system/libdyld.dylib
0x00007ff818309000 	/usr/lib/system/libkeymgr.dylib
0x00007ff8182ac000 	/usr/lib/system/libmacho.dylib
0x00007ff817927000 	/usr/lib/system/libquarantine.dylib
0x00007ff818307000 	/usr/lib/system/libremovefile.dylib
0x00007ff811ffa000 	/usr/lib/system/libsystem_asl.dylib
0x00007ff80ce5a000 	/usr/lib/system/libsystem_blocks.dylib
0x00007ff80cff3000 	/usr/lib/system/libsystem_c.dylib
0x00007ff8182ff000 	/usr/lib/system/libsystem_collections.dylib
0x00007ff816c59000 	/usr/lib/system/libsystem_configuration.dylib
0x00007ff815f02000 	/usr/lib/system/libsystem_containermanager.dylib
0x00007ff817fde000 	/usr/lib/system/libsystem_coreservices.dylib
0x00007ff80f69b000 	/usr/lib/system/libsystem_darwin.dylib
0x00007ff81830a000 	/usr/lib/system/libsystem_dnssd.dylib
0x00007ff80cff0000 	/usr/lib/system/libsystem_featureflags.dylib
0x00007ff80d145000 	/usr/lib/system/libsystem_info.dylib
0x00007ff818244000 	/usr/lib/system/libsystem_m.dylib
0x00007ff80cf43000 	/usr/lib/system/libsystem_malloc.dylib
0x00007ff811f95000 	/usr/lib/system/libsystem_networkextension.dylib
0x00007ff80fac1000 	/usr/lib/system/libsystem_notify.dylib
0x00007ff81e643000 	/usr/lib/system/libsystem_product_info_filter.dylib
0x00007ff816c5d000 	/usr/lib/system/libsystem_sandbox.dylib
0x00007ff818304000 	/usr/lib/system/libsystem_secinit.dylib
0x00007ff80d0eb000 	/usr/lib/system/libsystem_kernel.dylib
0x00007ff80d13b000 	/usr/lib/system/libsystem_platform.dylib
0x00007ff80d123000 	/usr/lib/system/libsystem_pthread.dylib
0x00007ff8138b7000 	/usr/lib/system/libsystem_symptoms.dylib
0x00007ff80ce98000 	/usr/lib/system/libsystem_trace.dylib
0x00007ff8182da000 	/usr/lib/system/libunwind.dylib
0x00007ff80ce5c000 	/usr/lib/system/libxpc.dylib
0x00007ff80d0d5000 	/usr/lib/libc++abi.dylib
0x00007ff8182e5000 	/usr/lib/liboah.dylib
0x00007ff818a76000 	/usr/lib/liblzma.5.dylib
0x00007ff80dc34000 	/System/Library/Frameworks/SystemConfiguration.framework/Versions/A/SystemConfiguration
0x00007ff818319000 	/usr/lib/libfakelink.dylib
0x00007ff811b05000 	/System/Library/Frameworks/CFNetwork.framework/Versions/A/CFNetwork
0x00007ff81845a000 	/usr/lib/libarchive.2.dylib
0x00007ff816c65000 	/System/Library/PrivateFrameworks/AppleSystemInfo.framework/Versions/A/AppleSystemInfo
0x00007ff81794e000 	/usr/lib/libbsm.0.dylib
0x00007ff811114000 	/usr/lib/libnetwork.dylib
0x00007ff8182b2000 	/usr/lib/system/libkxld.dylib
0x00007ff817581000 	/System/Library/PrivateFrameworks/IOMobileFramebuffer.framework/Versions/A/IOMobileFramebuffer
0x00007ffb258df000 	/usr/lib/libCoreEntitlements.dylib
0x00007ff817fc0000 	/System/Library/PrivateFrameworks/AppleFSCompression.framework/Versions/A/AppleFSCompression
0x00007ff817936000 	/usr/lib/libcoretls.dylib
0x00007ff818a90000 	/usr/lib/libcoretls_cfhelpers.dylib
0x00007ff818599000 	/usr/lib/libpam.2.dylib
0x00007ff8134d9000 	/usr/lib/libsqlite3.dylib
0x00007ff818aff000 	/usr/lib/libxar.1.dylib
0x00007ff817fd0000 	/usr/lib/libbz2.1.0.dylib
0x00007ff81831e000 	/usr/lib/libpcap.A.dylib
0x00007ff8138af000 	/usr/lib/libdns_services.dylib
0x00007ff81856c000 	/usr/lib/libapple_nghttp2.dylib
0x00007ff818358000 	/usr/lib/libiconv.2.dylib
0x00007ff8182ab000 	/usr/lib/libcharset.1.dylib
0x00007ff814cd5000 	/System/Library/Frameworks/CoreServices.framework/Versions/A/Frameworks/FSEvents.framework/Versions/A/FSEvents
0x00007ff80f6a5000 	/System/Library/Frameworks/CoreServices.framework/Versions/A/Frameworks/CarbonCore.framework/Versions/A/CarbonCore
0x00007ff813af8000 	/System/Library/Frameworks/CoreServices.framework/Versions/A/Frameworks/Metadata.framework/Versions/A/Metadata
0x00007ff817fe3000 	/System/Library/Frameworks/CoreServices.framework/Versions/A/Frameworks/OSServices.framework/Versions/A/OSServices
0x00007ff8184e1000 	/System/Library/Frameworks/CoreServices.framework/Versions/A/Frameworks/SearchKit.framework/Versions/A/SearchKit
0x00007ff813841000 	/System/Library/Frameworks/CoreServices.framework/Versions/A/Frameworks/AE.framework/Versions/A/AE
0x00007ff80d671000 	/System/Library/Frameworks/CoreServices.framework/Versions/A/Frameworks/LaunchServices.framework/Versions/A/LaunchServices
0x00007ff818a27000 	/System/Library/Frameworks/CoreServices.framework/Versions/A/Frameworks/DictionaryServices.framework/Versions/A/DictionaryServices
0x00007ff814ce2000 	/System/Library/Frameworks/CoreServices.framework/Versions/A/Frameworks/SharedFileList.framework/Versions/A/SharedFileList
0x00007ff81792a000 	/usr/lib/libCheckFix.dylib
0x00007ff812011000 	/System/Library/PrivateFrameworks/TCC.framework/Versions/A/TCC
0x00007ff816c6b000 	/System/Library/PrivateFrameworks/CoreNLP.framework/Versions/A/CoreNLP
0x00007ff813aa8000 	/System/Library/PrivateFrameworks/MetadataUtilities.framework/Versions/A/MetadataUtilities
0x00007ff80dce5000 	/usr/lib/libmecabra.dylib
0x00007ff81795e000 	/usr/lib/libmecab.dylib
0x00007ff80dcb0000 	/usr/lib/libCRFSuite.dylib
0x00007ff8179b8000 	/usr/lib/libgermantok.dylib
0x00007ff818547000 	/usr/lib/libThaiTokenizer.dylib
0x00007ff813b9b000 	/System/Library/Frameworks/Accelerate.framework/Versions/A/Frameworks/vImage.framework/Versions/A/vImage
0x00007ff81e745000 	/System/Library/Frameworks/Accelerate.framework/Versions/A/Frameworks/vecLib.framework/Versions/A/vecLib
0x00007ff818b40000 	/System/Library/Frameworks/Accelerate.framework/Versions/A/Frameworks/vecLib.framework/Versions/A/libvMisc.dylib
0x00007ff817380000 	/System/Library/Frameworks/Accelerate.framework/Versions/A/Frameworks/vecLib.framework/Versions/A/libvDSP.dylib
0x00007ff80d9ec000 	/System/Library/Frameworks/Accelerate.framework/Versions/A/Frameworks/vecLib.framework/Versions/A/libBLAS.dylib
0x00007ff81867c000 	/System/Library/Frameworks/Accelerate.framework/Versions/A/Frameworks/vecLib.framework/Versions/A/libLAPACK.dylib
0x00007ff8179bb000 	/System/Library/Frameworks/Accelerate.framework/Versions/A/Frameworks/vecLib.framework/Versions/A/libLinearAlgebra.dylib
0x00007ff818584000 	/System/Library/Frameworks/Accelerate.framework/Versions/A/Frameworks/vecLib.framework/Versions/A/libSparseBLAS.dylib
0x00007ff818676000 	/System/Library/Frameworks/Accelerate.framework/Versions/A/Frameworks/vecLib.framework/Versions/A/libQuadrature.dylib
0x00007ff816d56000 	/System/Library/Frameworks/Accelerate.framework/Versions/A/Frameworks/vecLib.framework/Versions/A/libBNNS.dylib
0x00007ff80dbbe000 	/System/Library/Frameworks/Accelerate.framework/Versions/A/Frameworks/vecLib.framework/Versions/A/libSparse.dylib
0x00007ff816d4f000 	/System/Library/PrivateFrameworks/LinguisticData.framework/Versions/A/LinguisticData
0x00007ff80db74000 	/System/Library/PrivateFrameworks/Lexicon.framework/Versions/A/Lexicon
0x00007ff818b39000 	/usr/lib/libChineseTokenizer.dylib
0x00007ff80e2df000 	/System/Library/PrivateFrameworks/LanguageModeling.framework/Versions/A/LanguageModeling
0x00007ff818549000 	/System/Library/PrivateFrameworks/AppleSauce.framework/Versions/A/AppleSauce
0x00007ff81756f000 	/System/Library/PrivateFrameworks/CoreEmoji.framework/Versions/A/CoreEmoji
0x00007ff818449000 	/usr/lib/libcmph.dylib
0x00007ff814cb9000 	/System/Library/Frameworks/OpenDirectory.framework/Versions/A/Frameworks/CFOpenDirectory.framework/Versions/A/CFOpenDirectory
0x00007ff814cad000 	/System/Library/Frameworks/OpenDirectory.framework/Versions/A/OpenDirectory
0x00007ff818a92000 	/System/Library/PrivateFrameworks/APFS.framework/Versions/A/APFS
0x00007ff817885000 	/System/Library/Frameworks/SecurityFoundation.framework/Versions/A/SecurityFoundation
0x00007ff818b0d000 	/usr/lib/libutil.dylib
0x00007ff80f9cf000 	/System/Library/PrivateFrameworks/CoreServicesStore.framework/Versions/A/CoreServicesStore
0x00007ff818b11000 	/usr/lib/libxslt.1.dylib
0x00007ff817912000 	/System/Library/PrivateFrameworks/BackgroundTaskManagement.framework/Versions/A/BackgroundTaskManagement
0x00007ff81a030000 	/System/Library/Frameworks/ImageIO.framework/Versions/A/Resources/libRadiance.dylib
0x00007ff81a039000 	/System/Library/Frameworks/ImageIO.framework/Versions/A/Resources/libJPEG.dylib
0x00007ff819f8b000 	/System/Library/Frameworks/ImageIO.framework/Versions/A/Resources/libPng.dylib
0x00007ff819fac000 	/System/Library/Frameworks/ImageIO.framework/Versions/A/Resources/libTIFF.dylib
0x00007ff81a098000 	/System/Library/Frameworks/ImageIO.framework/Versions/A/Resources/libGIF.dylib
0x00007ff8198c8000 	/System/Library/Frameworks/ImageIO.framework/Versions/A/Resources/libJP2.dylib
0x00007ff819006000 	/usr/lib/libexpat.1.dylib
0x00007ff81987d000 	/System/Library/PrivateFrameworks/AppleJPEG.framework/Versions/A/AppleJPEG
0x00007ff81619f000 	/System/Library/PrivateFrameworks/FontServices.framework/libFontParser.dylib
0x00007ff8137eb000 	/System/Library/PrivateFrameworks/RunningBoardServices.framework/Versions/A/RunningBoardServices
0x00007ff8249ff000 	/System/Library/PrivateFrameworks/IOSurfaceAccelerator.framework/Versions/A/IOSurfaceAccelerator
0x00007ff8199a8000 	/System/Library/PrivateFrameworks/WatchdogClient.framework/Versions/A/WatchdogClient
0x00007ff80e3cd000 	/System/Library/Frameworks/CoreDisplay.framework/Versions/A/CoreDisplay
0x00007ff81609d000 	/System/Library/Frameworks/CoreMedia.framework/Versions/A/CoreMedia
0x00007ff815f31000 	/System/Library/PrivateFrameworks/IOAccelerator.framework/Versions/A/IOAccelerator
0x00007ff814e36000 	/System/Library/Frameworks/CoreVideo.framework/Versions/A/CoreVideo
0x00007ff818597000 	/System/Library/Frameworks/MetalPerformanceShaders.framework/Versions/A/MetalPerformanceShaders
0x00007ff8199e5000 	/System/Library/Frameworks/VideoToolbox.framework/Versions/A/VideoToolbox
0x00007ff813735000 	/System/Library/PrivateFrameworks/BaseBoard.framework/Versions/A/BaseBoard
0x00007ff8134bf000 	/System/Library/PrivateFrameworks/ProtocolBuffer.framework/Versions/A/ProtocolBuffer
0x00007ff81a029000 	/System/Library/PrivateFrameworks/GPUWrangler.framework/Versions/A/GPUWrangler
0x00007ff81a00d000 	/System/Library/PrivateFrameworks/IOPresentment.framework/Versions/A/IOPresentment
0x00007ff81a033000 	/System/Library/PrivateFrameworks/DSExternalDisplay.framework/Versions/A/DSExternalDisplay
0x00007ffa25f19000 	/System/Library/Frameworks/OpenGL.framework/Versions/A/Libraries/libCoreFSCache.dylib
0x00007ffb12fe0000 	/System/Library/PrivateFrameworks/GPUCompiler.framework/Versions/31001/Libraries/libGPUCompilerUtils.dylib
0x00007ff81a09d000 	/System/Library/PrivateFrameworks/CMCaptureCore.framework/Versions/A/CMCaptureCore
0x00007ff8195ae000 	/System/Library/PrivateFrameworks/AppServerSupport.framework/Versions/A/AppServerSupport
0x00007ff81b86b000 	/System/Library/PrivateFrameworks/perfdata.framework/Versions/A/perfdata
0x00007ff80e4f9000 	/System/Library/PrivateFrameworks/AudioToolboxCore.framework/Versions/A/AudioToolboxCore
0x00007ff81607b000 	/System/Library/PrivateFrameworks/caulk.framework/Versions/A/caulk
0x00007ff81b17d000 	/usr/lib/libAudioStatistics.dylib
0x00007ff912bd7000 	/System/Library/PrivateFrameworks/SystemPolicy.framework/Versions/A/SystemPolicy
0x00007ff81b3d8000 	/usr/lib/libSMC.dylib
0x00007ff8242f7000 	/System/Library/Frameworks/CoreMIDI.framework/Versions/A/CoreMIDI
0x00007ff819f5a000 	/usr/lib/libAudioToolboxUtility.dylib
0x00007ff90ee03000 	/System/Library/PrivateFrameworks/OSAServicesClient.framework/Versions/A/OSAServicesClient
0x00007ff81b878000 	/usr/lib/libperfcheck.dylib
0x00007ff913684000 	/usr/lib/libmis.dylib
0x00007ffa25f74000 	/System/Library/Frameworks/OpenGL.framework/Versions/A/Libraries/libGLU.dylib
0x00007ffa25f38000 	/System/Library/Frameworks/OpenGL.framework/Versions/A/Libraries/libGFXShared.dylib
0x00007ffa26141000 	/System/Library/Frameworks/OpenGL.framework/Versions/A/Libraries/libGL.dylib
0x00007ffa25f41000 	/System/Library/Frameworks/OpenGL.framework/Versions/A/Libraries/libGLImage.dylib
0x00007ffa25f35000 	/System/Library/Frameworks/OpenGL.framework/Versions/A/Libraries/libCVMSPluginSupport.dylib
0x00007ffa25f20000 	/System/Library/Frameworks/OpenGL.framework/Versions/A/Libraries/libCoreVMClient.dylib
0x00007ff816be7000 	/System/Library/Frameworks/MetalPerformanceShaders.framework/Versions/A/Frameworks/MPSCore.framework/Versions/A/MPSCore
0x00007ff817f2b000 	/System/Library/Frameworks/MetalPerformanceShaders.framework/Versions/A/Frameworks/MPSImage.framework/Versions/A/MPSImage
0x00007ff8179d1000 	/System/Library/Frameworks/MetalPerformanceShaders.framework/Versions/A/Frameworks/MPSNeuralNetwork.framework/Versions/A/MPSNeuralNetwork
0x00007ff817e45000 	/System/Library/Frameworks/MetalPerformanceShaders.framework/Versions/A/Frameworks/MPSMatrix.framework/Versions/A/MPSMatrix
0x00007ff817c00000 	/System/Library/Frameworks/MetalPerformanceShaders.framework/Versions/A/Frameworks/MPSRayIntersector.framework/Versions/A/MPSRayIntersector
0x00007ff817e7d000 	/System/Library/Frameworks/MetalPerformanceShaders.framework/Versions/A/Frameworks/MPSNDArray.framework/Versions/A/MPSNDArray
0x00007ffa2b9f9000 	/System/Library/Frameworks/MetalPerformanceShaders.framework/Versions/A/Frameworks/MPSFunctions.framework/Versions/A/MPSFunctions
0x00007ff80d8c8000 	/System/Library/PrivateFrameworks/MetalTools.framework/Versions/A/MetalTools
0x00007ff816c63000 	/System/Library/PrivateFrameworks/AggregateDictionary.framework/Versions/A/AggregateDictionary
0x00007ff818de8000 	/usr/lib/libIOReport.dylib
0x00007ffa27550000 	/System/Library/Frameworks/OpenCL.framework/Versions/A/OpenCL
0x00007ff81914c000 	/System/Library/PrivateFrameworks/FaceCore.framework/Versions/A/FaceCore
0x00007ff81913d000 	/System/Library/PrivateFrameworks/GraphVisualizer.framework/Versions/A/GraphVisualizer
0x00007ffb12eeb000 	/System/Library/PrivateFrameworks/FontServices.framework/Versions/A/FontServices
0x00007ff819566000 	/System/Library/PrivateFrameworks/OTSVG.framework/Versions/A/OTSVG
0x00007ff814a1d000 	/System/Library/Frameworks/ApplicationServices.framework/Versions/A/Frameworks/ATS.framework/Versions/A/Resources/libFontRegistry.dylib
0x00007ff8195b6000 	/System/Library/PrivateFrameworks/FontServices.framework/libhvf.dylib
0x00007ffb12eec000 	/System/Library/PrivateFrameworks/FontServices.framework/libXTFontStaticRegistryData.dylib
0x00007ff818fb6000 	/System/Library/PrivateFrameworks/AppleVA.framework/Versions/A/AppleVA
0x00007ff81b19d000 	/System/Library/Frameworks/ApplicationServices.framework/Versions/A/Frameworks/ATS.framework/Versions/A/ATS
0x00007ff812bf1000 	/System/Library/Frameworks/ApplicationServices.framework/Versions/A/Frameworks/HIServices.framework/Versions/A/HIServices
0x00007ff81a0a7000 	/System/Library/Frameworks/ApplicationServices.framework/Versions/A/Frameworks/PrintCore.framework/Versions/A/PrintCore
0x00007ff81b52b000 	/System/Library/Frameworks/ApplicationServices.framework/Versions/A/Frameworks/QD.framework/Versions/A/QD
0x00007ff81b523000 	/System/Library/Frameworks/ApplicationServices.framework/Versions/A/Frameworks/ColorSyncLegacy.framework/Versions/A/ColorSyncLegacy
0x00007ff81b18d000 	/System/Library/Frameworks/ApplicationServices.framework/Versions/A/Frameworks/SpeechSynthesis.framework/Versions/A/SpeechSynthesis
0x00007ff81a068000 	/System/Library/Frameworks/ApplicationServices.framework/Versions/A/Frameworks/ATSUI.framework/Versions/A/ATSUI
0x00007ff81b4b8000 	/usr/lib/libcups.2.dylib
0x00007ff81b887000 	/System/Library/Frameworks/Kerberos.framework/Versions/A/Kerberos
0x00007ff81b896000 	/System/Library/Frameworks/GSS.framework/Versions/A/GSS
0x00007ff81b209000 	/usr/lib/libresolv.9.dylib
0x00007ff8195c5000 	/System/Library/PrivateFrameworks/Heimdal.framework/Versions/A/Heimdal
0x00007ff82247a000 	/System/Library/Frameworks/Kerberos.framework/Versions/A/Libraries/libHeimdalProxy.dylib
0x00007ff8138bf000 	/System/Library/Frameworks/Network.framework/Versions/A/Network
0x00007ff819020000 	/usr/lib/libheimdal-asn1.dylib
0x00007ff81b8e1000 	/System/Library/PrivateFrameworks/CommonAuth.framework/Versions/A/CommonAuth
0x00007ff81b10f000 	/System/Library/PrivateFrameworks/AudioSession.framework/Versions/A/AudioSession
0x00007ff8190b0000 	/System/Library/PrivateFrameworks/MediaExperience.framework/Versions/A/MediaExperience
0x00007ff81afa1000 	/System/Library/PrivateFrameworks/AudioSession.framework/libSessionUtility.dylib
0x00007ff81b537000 	/System/Library/PrivateFrameworks/AudioResourceArbitration.framework/Versions/A/AudioResourceArbitration
0x00007ff81f5b8000 	/System/Library/PrivateFrameworks/PowerLog.framework/Versions/A/PowerLog
0x00007ff819029000 	/System/Library/PrivateFrameworks/IconFoundation.framework/Versions/A/IconFoundation
0x00007ff81e36e000 	/System/Library/PrivateFrameworks/SpeechRecognitionCore.framework/Versions/A/SpeechRecognitionCore
0x00007ffa181bd000 	/System/Library/CoreServices/Encodings/libSimplifiedChineseConverter.dylib
0x000000010b9bb000 	/Library/Java/JavaVirtualMachines/jdk1.8.0_361.jdk/Contents/Home/jre/lib/server/libjvm.dylib
0x000000010ac06000 	/Library/Java/JavaVirtualMachines/jdk1.8.0_361.jdk/Contents/Home/jre/lib/libverify.dylib
0x000000010ac5e000 	/Library/Java/JavaVirtualMachines/jdk1.8.0_361.jdk/Contents/Home/jre/lib/libjava.dylib
0x000000010ad1f000 	/Library/Java/JavaVirtualMachines/jdk1.8.0_361.jdk/Contents/Home/jre/lib/libjdwp.dylib
0x000000010ac2b000 	/Library/Java/JavaVirtualMachines/jdk1.8.0_361.jdk/Contents/Home/jre/lib/libnpt.dylib
0x000000010adcd000 	/Library/Java/JavaVirtualMachines/jdk1.8.0_361.jdk/Contents/Home/jre/lib/libinstrument.dylib
0x000000010ae19000 	/Library/Java/JavaVirtualMachines/jdk1.8.0_361.jdk/Contents/Home/jre/lib/libzip.dylib
0x000000010b886000 	/Library/Java/JavaVirtualMachines/jdk1.8.0_361.jdk/Contents/Home/jre/lib/libdt_socket.dylib
0x0000000128715000 	/Library/Java/JavaVirtualMachines/jdk1.8.0_361.jdk/Contents/Home/jre/lib/libnet.dylib
0x0000000128765000 	/Library/Java/JavaVirtualMachines/jdk1.8.0_361.jdk/Contents/Home/jre/lib/libnio.dylib
0x00000001287a2000 	/Library/Java/JavaVirtualMachines/jdk1.8.0_361.jdk/Contents/Home/jre/lib/libmanagement.dylib
0x00000001298a6000 	/private/var/folders/gv/508gv1ld3x18nm2512plcyk00000gp/T/librocksdbjni2821461664480912981.jnilib

VM Arguments:
jvm_args: -agentlib:jdwp=transport=dt_socket,address=127.0.0.1:64231,suspend=y,server=n -javaagent:/Users/juntao/Library/Caches/JetBrains/IdeaIC2022.3/captureAgent/debugger-agent.jar=file:/private/var/folders/gv/508gv1ld3x18nm2512plcyk00000gp/T/capture.props -Dfile.encoding=UTF-8 
java_command: org.apache.rocketmq.broker.BrokerStartup -n 127.0.0.1:9876 -c /Users/juntao/rocketmq-open/rocketmq/distribution/conf/broker.conf
java_class_path (initial): /Library/Java/JavaVirtualMachines/jdk1.8.0_361.jdk/Contents/Home/jre/lib/charsets.jar:/Library/Java/JavaVirtualMachines/jdk1.8.0_361.jdk/Contents/Home/jre/lib/deploy.jar:/Library/Java/JavaVirtualMachines/jdk1.8.0_361.jdk/Contents/Home/jre/lib/ext/cldrdata.jar:/Library/Java/JavaVirtualMachines/jdk1.8.0_361.jdk/Contents/Home/jre/lib/ext/dnsns.jar:/Library/Java/JavaVirtualMachines/jdk1.8.0_361.jdk/Contents/Home/jre/lib/ext/jaccess.jar:/Library/Java/JavaVirtualMachines/jdk1.8.0_361.jdk/Contents/Home/jre/lib/ext/jfxrt.jar:/Library/Java/JavaVirtualMachines/jdk1.8.0_361.jdk/Contents/Home/jre/lib/ext/localedata.jar:/Library/Java/JavaVirtualMachines/jdk1.8.0_361.jdk/Contents/Home/jre/lib/ext/nashorn.jar:/Library/Java/JavaVirtualMachines/jdk1.8.0_361.jdk/Contents/Home/jre/lib/ext/sunec.jar:/Library/Java/JavaVirtualMachines/jdk1.8.0_361.jdk/Contents/Home/jre/lib/ext/sunjce_provider.jar:/Library/Java/JavaVirtualMachines/jdk1.8.0_361.jdk/Contents/Home/jre/lib/ext/sunpkcs11.jar:/Library/Java/JavaVirtualMachines/jdk1.8.0_361.jdk/Contents/Home/jre/lib/ext/zipfs.jar:/Library/Java/JavaVirtualMachines/jdk1.8.0_361.jdk/Contents/Home/jre/lib/javaws.jar:/Library/Java/JavaVirtualMachines/jdk1.8.0_361.jdk/Contents/Home/jre/lib/jce.jar:/Library/Java/JavaVirtualMachines/jdk1.8.0_361.jdk/Contents/Home/jre/lib/jfr.jar:/Library/Java/JavaVirtualMachines/jdk1.8.0_361.jdk/Contents/Home/jre/lib/jfxswt.jar:/Library/Java/JavaVirtualMachines/jdk1.8.0_361.jdk/Contents/Home/jre/lib/jsse.jar:/Library/Java/JavaVirtualMachines/jdk1.8.0_361.jdk/Contents/Home/jre/lib/management-agent.jar:/Library/Java/JavaVirtualMachines/jdk1.8.0_361.jdk/Contents/Home/jre/lib/plugin.jar:/Library/Java/JavaVirtualMachines/jdk1.8.0_361.jdk/Contents/Home/jre/lib/resources.jar:/Library/Java/JavaVirtualMachines/jdk1.8.0_361.jdk/Contents/Home/jre/lib/rt.jar:/Users/juntao/rocketmq-open/rocketmq/broker/target/classes:/Users/juntao/rocketmq-open/rocketmq/remoting/target/classes:/Users/juntao/rocketmq-open/
Launcher Type: SUN_STANDARD

Environment Variables:
PATH=/Library/Frameworks/Python.framework/Versions/3.9/bin:/opt/local/bin:/opt/local/sbin:/opt/homebrew/bin:/opt/homebrew/sbin:/usr/local/bin:/usr/bin:/bin:/usr/sbin:/sbin:/usr/local/go/bin
SHELL=/bin/zsh

Signal Handlers:
SIGSEGV: [libjvm.dylib+0x59e9bf], sa_mask[0]=11111111111111111111111111111111, sa_flags=SA_ONSTACK|SA_RESTART|SA_SIGINFO
SIGBUS: [libjvm.dylib+0x59e9bf], sa_mask[0]=11111111111111111111111111111111, sa_flags=SA_RESTART|SA_SIGINFO
SIGFPE: [libjvm.dylib+0x59e9bf], sa_mask[0]=11111111111111111111111111111111, sa_flags=SA_RESTART|SA_SIGINFO
SIGPIPE: [libjvm.dylib+0x492256], sa_mask[0]=11111111111111111111111111111111, sa_flags=SA_RESTART|SA_SIGINFO
SIGXFSZ: [libjvm.dylib+0x492256], sa_mask[0]=11111111111111111111111111111111, sa_flags=SA_RESTART|SA_SIGINFO
SIGILL: [libjvm.dylib+0x59e9bf], sa_mask[0]=11111111111111111111111111111111, sa_flags=SA_RESTART|SA_SIGINFO
SIGUSR1: SIG_DFL, sa_mask[0]=00000000000000000000000000000000, sa_flags=none
SIGUSR2: [libjvm.dylib+0x49287a], sa_mask[0]=00100000000000000000000000000000, sa_flags=SA_RESTART|SA_SIGINFO
SIGHUP: [libjvm.dylib+0x490a13], sa_mask[0]=11111111111111111111111111111111, sa_flags=SA_RESTART|SA_SIGINFO
SIGINT: [libjvm.dylib+0x490a13], sa_mask[0]=11111111111111111111111111111111, sa_flags=SA_RESTART|SA_SIGINFO
SIGTERM: [libjvm.dylib+0x490a13], sa_mask[0]=11111111111111111111111111111111, sa_flags=SA_RESTART|SA_SIGINFO
SIGQUIT: [libjvm.dylib+0x490a13], sa_mask[0]=11111111111111111111111111111111, sa_flags=SA_RESTART|SA_SIGINFO


---------------  S Y S T E M  ---------------

OS:Bsduname:Darwin 21.6.0 Darwin Kernel Version 21.6.0: Sat Jun 18 17:07:22 PDT 2022; root:xnu-8020.140.41~1/RELEASE_ARM64_T6000 x86_64
rlimit: STACK 8176k, CORE 0k, NPROC 2666, NOFILE 10240, AS infinity
load average:14.20 10.36 9.17

CPU:total 10 (initial active 10) (1 cores per cpu, 1 threads per core) family 6 model 44 stepping 0, cmov, cx8, fxsr, mmx, sse, sse2, sse3, ssse3, sse4.1, sse4.2, popcnt, aes, clmul, tsc, tscinvbit, tscinv

Memory: 4k page, physical 16777216k(62388k free)

/proc/meminfo:


vm_info: Java HotSpot(TM) 64-Bit Server VM (25.361-b09) for bsd-amd64 JRE (1.8.0_361-b09), built on Jan  9 2023 08:31:35 by "java_re" with gcc 4.2.1 Compatible Apple LLVM 11.0.0 (clang-1100.0.33.17)

time: Mon Dec 25 13:45:49 2023
timezone: CST
elapsed time: 5.109017 seconds (0d 0h 0m 5s)

